{
    "start_time": "1970-01-01T00:00:00+00:00",
    "end_time": "2100-01-01T00:00:00+00:00",
    "total_income": 4000.09,
    "total_expense": -111.88999999999999,
    "total_balance": 3888.2000000000003
}