[
    {
        "key": 1,
        "amount": -68.31,
        "references": [
            "gc re disney plus, gc re disney plus muenchen\nref-3142513262316231621\nend-to-end-ref.: d-2731857981237\nmandatsref: 6262132\ngl\u00e4ubiger-id:\n12236437684594865643s, gc re disney plus muenchen, ref-3142513262316231621, end-to-end-ref.: d-2731857981237, mandatsref: 6262132, gl\u00e4ubiger-id:, 12236437684594865643s, sepa-basislastschrift wiederholend"
        ],
        "groupName": "gc re disney plus, plus \nref-\nend-to-end-ref.: d-\nmandatsref: \ngl\u00e4ubiger-id:\ns, , ref-,"
    },
    {
        "key": 0,
        "amount": -22.99,
        "references": [
            "netflix play app  g.co helppa\ny# ie\nkarte nr. 9999 9999 9999 9999\nmastercard debit\nnetflix play app   g.co/helpp\nay#irl\n2024-03-, netflix play app g.co helppa, y# ie, karte nr. 9999 9999 9999 9999, mastercard debit, netflix play app g.co/helpp, ay#irl, 2024-03-20t, 15:26:15 kartenzahlung, netflix# ie"
        ],
        "groupName": "netflix play app  g.co helppa\ny# ie\nkarte nr. \nmastercard debit\nnetflix"
    },
    {
        "key": 3,
        "amount": -10.6,
        "references": [
            "burger king s ag plattling de, burger king s ag//plattling/de\n2024-03-19t08:16:00 kfn \nkartenzahlung, burger king s ag//plattling/de, 2024-03-19t08:16:00 kfn , kartenzahlung"
        ],
        "groupName": "burger king s ag  de, ag///de\n-03-19t08:16:00 \n, ag///de, -03-19t08:16:00"
    },
    {
        "key": 2,
        "amount": -9.99,
        "references": [
            "00300 mcdonalds muenchen de, 00300 mcdonalds//muenchen/de\n2024-03-20t12:31:09 kfn 0 \nkartenzahlung, 00300 mcdonalds//muenchen/de, burger, 2024-03-20t12:31:09 kfn 0 , kartenzahlung"
        ],
        "groupName": " mcdonalds de, mcdonalds///de\n-03-20t12:31:09 0 \n, mcdonalds///de, burger, -03-20t12:31:09 ,"
    }
]